Command line invocation:
    /Applications/Xcode.app/Contents/Developer/usr/bin/xcodebuild -workspace Tweet.xcworkspace -scheme Tweet -sdk iphonesimulator -destination "platform=iOS Simulator,name=iPhone 17 Pro" build

Build settings from command line:
    SDKROOT = iphonesimulator26.2

ComputePackagePrebuildTargetDependencyGraph

Prepare packages

CreateBuildRequest

SendProjectDescription

CreateBuildOperation

ComputeTargetDependencyGraph
note: Building targets in dependency order
note: Target dependency graph (8 targets)
    Target 'Tweet' in project 'Tweet'
        ➜ Implicit dependency on target 'Pods-Tweet' in project 'Pods' via file 'Pods_Tweet.framework' in build phase 'Link Binary'
        ➜ Implicit dependency on target 'SDWebImage' in project 'Pods' via options '-framework SDWebImage' in build setting 'OTHER_LDFLAGS'
        ➜ Implicit dependency on target 'SDWebImageSwiftUI' in project 'Pods' via options '-framework SDWebImageSwiftUI' in build setting 'OTHER_LDFLAGS'
        ➜ Implicit dependency on target 'hprose' in project 'Pods' via options '-framework hprose' in build setting 'OTHER_LDFLAGS'
    Target 'Pods-Tweet' in project 'Pods'
        ➜ Explicit dependency on target 'SDWebImage' in project 'Pods'
        ➜ Explicit dependency on target 'SDWebImageSwiftUI' in project 'Pods'
        ➜ Explicit dependency on target 'ffmpeg-kit-ios' in project 'Pods'
        ➜ Explicit dependency on target 'hprose' in project 'Pods'
    Target 'hprose' in project 'Pods' (no dependencies)
    Target 'ffmpeg-kit-ios' in project 'Pods' (no dependencies)
    Target 'SDWebImageSwiftUI' in project 'Pods'
        ➜ Explicit dependency on target 'SDWebImage' in project 'Pods'
        ➜ Explicit dependency on target 'SDWebImageSwiftUI-SDWebImageSwiftUI' in project 'Pods'
    Target 'SDWebImageSwiftUI-SDWebImageSwiftUI' in project 'Pods'
        ➜ Implicit dependency on target 'SDWebImage' in project 'Pods' via options '-framework SDWebImage' in build setting 'OTHER_LDFLAGS'
    Target 'SDWebImage' in project 'Pods'
        ➜ Explicit dependency on target 'SDWebImage-SDWebImage' in project 'Pods'
    Target 'SDWebImage-SDWebImage' in project 'Pods' (no dependencies)

GatherProvisioningInputs

CreateBuildDescription

ClangStatCache /Applications/Xcode.app/Contents/Developer/Toolchains/XcodeDefault.xctoolchain/usr/bin/clang-stat-cache /Applications/Xcode.app/Contents/Developer/Platforms/iPhoneSimulator.platform/Developer/SDKs/iPhoneSimulator26.2.sdk /Users/cfa532/Library/Developer/Xcode/DerivedData/SDKStatCaches.noindex/iphonesimulator26.2-23C53-7d00a8b37fbd7999ea79df8ebc024bf0.sdkstatcache
    cd /Users/cfa532/Documents/GitHub/Tweet-iOS
    /Applications/Xcode.app/Contents/Developer/Toolchains/XcodeDefault.xctoolchain/usr/bin/clang-stat-cache /Applications/Xcode.app/Contents/Developer/Platforms/iPhoneSimulator.platform/Developer/SDKs/iPhoneSimulator26.2.sdk -o /Users/cfa532/Library/Developer/Xcode/DerivedData/SDKStatCaches.noindex/iphonesimulator26.2-23C53-7d00a8b37fbd7999ea79df8ebc024bf0.sdkstatcache

warning: Run script build phase 'Use debug InfoPlist.strings' will be run during every build because it does not specify any outputs. To address this issue, either add output dependencies to the script phase, or configure it to run in every build by unchecking "Based on dependency analysis" in the script phase. (in target 'Tweet' from project 'Tweet')
CopyStringsFile /Users/cfa532/Library/Developer/Xcode/DerivedData/Tweet-errgxdroldfumhdkieiumjzyonvv/Build/Products/Debug-iphonesimulator/Tweet.app/zh-Hans.lproj/InfoPlist.strings /Users/cfa532/Documents/GitHub/Tweet-iOS/Tweet/zh-Hans.lproj/InfoPlist.strings (in target 'Tweet' from project 'Tweet')
    cd /Users/cfa532/Documents/GitHub/Tweet-iOS
    builtin-copyStrings --validate --outputencoding binary --outfilename InfoPlist.strings --outdir /Users/cfa532/Library/Developer/Xcode/DerivedData/Tweet-errgxdroldfumhdkieiumjzyonvv/Build/Products/Debug-iphonesimulator/Tweet.app/zh-Hans.lproj -- /Users/cfa532/Documents/GitHub/Tweet-iOS/Tweet/zh-Hans.lproj/InfoPlist.strings
/Users/cfa532/Documents/GitHub/Tweet-iOS/Tweet/zh-Hans.lproj/InfoPlist.strings:1:1: note: detected encoding of input file as Unicode (UTF-8) (in target 'Tweet' from project 'Tweet')

CopyStringsFile /Users/cfa532/Library/Developer/Xcode/DerivedData/Tweet-errgxdroldfumhdkieiumjzyonvv/Build/Products/Debug-iphonesimulator/Tweet.app/ja.lproj/InfoPlist.strings /Users/cfa532/Documents/GitHub/Tweet-iOS/Tweet/ja.lproj/InfoPlist.strings (in target 'Tweet' from project 'Tweet')
    cd /Users/cfa532/Documents/GitHub/Tweet-iOS
    builtin-copyStrings --validate --outputencoding binary --outfilename InfoPlist.strings --outdir /Users/cfa532/Library/Developer/Xcode/DerivedData/Tweet-errgxdroldfumhdkieiumjzyonvv/Build/Products/Debug-iphonesimulator/Tweet.app/ja.lproj -- /Users/cfa532/Documents/GitHub/Tweet-iOS/Tweet/ja.lproj/InfoPlist.strings
/Users/cfa532/Documents/GitHub/Tweet-iOS/Tweet/ja.lproj/InfoPlist.strings:1:1: note: detected encoding of input file as Unicode (UTF-8) (in target 'Tweet' from project 'Tweet')

SwiftDriver Tweet normal arm64 com.apple.xcode.tools.swift.compiler (in target 'Tweet' from project 'Tweet')
    cd /Users/cfa532/Documents/GitHub/Tweet-iOS
    builtin-SwiftDriver -- /Applications/Xcode.app/Contents/Developer/Toolchains/XcodeDefault.xctoolchain/usr/bin/swiftc -module-name Tweet -Onone -enforce-exclusivity\=checked @/Users/cfa532/Library/Developer/Xcode/DerivedData/Tweet-errgxdroldfumhdkieiumjzyonvv/Build/Intermediates.noindex/Tweet.build/Debug-iphonesimulator/Tweet.build/Objects-normal/arm64/Tweet.SwiftFileList -DDEBUG -D COCOAPODS -enable-bare-slash-regex -enable-experimental-feature DebugDescriptionMacro -sdk /Applications/Xcode.app/Contents/Developer/Platforms/iPhoneSimulator.platform/Developer/SDKs/iPhoneSimulator26.2.sdk -target arm64-apple-ios18.0-simulator -g -module-cache-path /Users/cfa532/Library/Developer/Xcode/DerivedData/ModuleCache.noindex -Xfrontend -serialize-debugging-options -enable-testing -index-store-path /Users/cfa532/Library/Developer/Xcode/DerivedData/Tweet-errgxdroldfumhdkieiumjzyonvv/Index.noindex/DataStore -Xcc -D_LIBCPP_HARDENING_MODE\=_LIBCPP_HARDENING_MODE_DEBUG -swift-version 5 -I /Users/cfa532/Library/Developer/Xcode/DerivedData/Tweet-errgxdroldfumhdkieiumjzyonvv/Build/Products/Debug-iphonesimulator -F /Users/cfa532/Library/Developer/Xcode/DerivedData/Tweet-errgxdroldfumhdkieiumjzyonvv/Build/Products/Debug-iphonesimulator -F /Users/cfa532/Library/Developer/Xcode/DerivedData/Tweet-errgxdroldfumhdkieiumjzyonvv/Build/Products/Debug-iphonesimulator/SDWebImage -F /Users/cfa532/Library/Developer/Xcode/DerivedData/Tweet-errgxdroldfumhdkieiumjzyonvv/Build/Products/Debug-iphonesimulator/SDWebImageSwiftUI -F /Users/cfa532/Library/Developer/Xcode/DerivedData/Tweet-errgxdroldfumhdkieiumjzyonvv/Build/Products/Debug-iphonesimulator/hprose -F /Users/cfa532/Documents/GitHub/Tweet-iOS/Pods/ffmpeg-kit-ios/Frameworks -F /Users/cfa532/Library/Developer/Xcode/DerivedData/Tweet-errgxdroldfumhdkieiumjzyonvv/Build/Products/Debug-iphonesimulator/XCFrameworkIntermediates/ffmpeg-kit-ios -emit-localized-strings -emit-localized-strings-path /Users/cfa532/Library/Developer/Xcode/DerivedData/Tweet-errgxdroldfumhdkieiumjzyonvv/Build/Intermediates.noindex/Tweet.build/Debug-iphonesimulator/Tweet.build/Objects-normal/arm64 -c -j10 -enable-batch-mode -incremental -Xcc -ivfsstatcache -Xcc /Users/cfa532/Library/Developer/Xcode/DerivedData/SDKStatCaches.noindex/iphonesimulator26.2-23C53-7d00a8b37fbd7999ea79df8ebc024bf0.sdkstatcache -output-file-map /Users/cfa532/Library/Developer/Xcode/DerivedData/Tweet-errgxdroldfumhdkieiumjzyonvv/Build/Intermediates.noindex/Tweet.build/Debug-iphonesimulator/Tweet.build/Objects-normal/arm64/Tweet-OutputFileMap.json -use-frontend-parseable-output -save-temps -no-color-diagnostics -serialize-diagnostics -emit-dependencies -emit-module -emit-module-path /Users/cfa532/Library/Developer/Xcode/DerivedData/Tweet-errgxdroldfumhdkieiumjzyonvv/Build/Intermediates.noindex/Tweet.build/Debug-iphonesimulator/Tweet.build/Objects-normal/arm64/Tweet.swiftmodule -validate-clang-modules-once -clang-build-session-file /Users/cfa532/Library/Developer/Xcode/DerivedData/ModuleCache.noindex/Session.modulevalidation -Xcc -I/Users/cfa532/Library/Developer/Xcode/DerivedData/Tweet-errgxdroldfumhdkieiumjzyonvv/Build/Intermediates.noindex/Tweet.build/Debug-iphonesimulator/Tweet.build/swift-overrides.hmap -emit-const-values -Xfrontend -const-gather-protocols-file -Xfrontend /Users/cfa532/Library/Developer/Xcode/DerivedData/Tweet-errgxdroldfumhdkieiumjzyonvv/Build/Intermediates.noindex/Tweet.build/Debug-iphonesimulator/Tweet.build/Objects-normal/arm64/Tweet_const_extract_protocols.json -Xcc -iquote -Xcc /Users/cfa532/Library/Developer/Xcode/DerivedData/Tweet-errgxdroldfumhdkieiumjzyonvv/Build/Intermediates.noindex/Tweet.build/Debug-iphonesimulator/Tweet.build/Tweet-generated-files.hmap -Xcc -I/Users/cfa532/Library/Developer/Xcode/DerivedData/Tweet-errgxdroldfumhdkieiumjzyonvv/Build/Intermediates.noindex/Tweet.build/Debug-iphonesimulator/Tweet.build/Tweet-own-target-headers.hmap -Xcc -I/Users/cfa532/Library/Developer/Xcode/DerivedData/Tweet-errgxdroldfumhdkieiumjzyonvv/Build/Intermediates.noindex/Tweet.build/Debug-iphonesimulator/Tweet.build/Tweet-all-non-framework-target-headers.hmap -Xcc -ivfsoverlay -Xcc /Users/cfa532/Library/Developer/Xcode/DerivedData/Tweet-errgxdroldfumhdkieiumjzyonvv/Build/Intermediates.noindex/Tweet.build/Debug-iphonesimulator/Tweet-14a12892e6aa11019e94b78a816142d9-VFS-iphonesimulator/all-product-headers.yaml -Xcc -iquote -Xcc /Users/cfa532/Library/Developer/Xcode/DerivedData/Tweet-errgxdroldfumhdkieiumjzyonvv/Build/Intermediates.noindex/Tweet.build/Debug-iphonesimulator/Tweet.build/Tweet-project-headers.hmap -Xcc -I/Users/cfa532/Library/Developer/Xcode/DerivedData/Tweet-errgxdroldfumhdkieiumjzyonvv/Build/Products/Debug-iphonesimulator/include -Xcc -I/Users/cfa532/Documents/GitHub/Tweet-iOS/Pods/hprose/src -Xcc -I/Users/cfa532/Library/Developer/Xcode/DerivedData/Tweet-errgxdroldfumhdkieiumjzyonvv/Build/Products/Debug-iphonesimulator/SDWebImage/SDWebImage.framework/Headers -Xcc -I/Users/cfa532/Library/Developer/Xcode/DerivedData/Tweet-errgxdroldfumhdkieiumjzyonvv/Build/Products/Debug-iphonesimulator/SDWebImageSwiftUI/SDWebImageSwiftUI.framework/Headers -Xcc -I/Users/cfa532/Library/Developer/Xcode/DerivedData/Tweet-errgxdroldfumhdkieiumjzyonvv/Build/Products/Debug-iphonesimulator/hprose/hprose.framework/Headers -Xcc -I/Users/cfa532/Library/Developer/Xcode/DerivedData/Tweet-errgxdroldfumhdkieiumjzyonvv/Build/Intermediates.noindex/Tweet.build/Debug-iphonesimulator/Tweet.build/DerivedSources-normal/arm64 -Xcc -I/Users/cfa532/Library/Developer/Xcode/DerivedData/Tweet-errgxdroldfumhdkieiumjzyonvv/Build/Intermediates.noindex/Tweet.build/Debug-iphonesimulator/Tweet.build/DerivedSources/arm64 -Xcc -I/Users/cfa532/Library/Developer/Xcode/DerivedData/Tweet-errgxdroldfumhdkieiumjzyonvv/Build/Intermediates.noindex/Tweet.build/Debug-iphonesimulator/Tweet.build/DerivedSources -Xcc -DDEBUG\=1 -Xcc -DCOCOAPODS\=1 -emit-objc-header -emit-objc-header-path /Users/cfa532/Library/Developer/Xcode/DerivedData/Tweet-errgxdroldfumhdkieiumjzyonvv/Build/Intermediates.noindex/Tweet.build/Debug-iphonesimulator/Tweet.build/Objects-normal/arm64/Tweet-Swift.h -import-objc-header /Users/cfa532/Documents/GitHub/Tweet-iOS/Sources/Bridging-Header.h -pch-output-dir /Users/cfa532/Library/Developer/Xcode/DerivedData/Tweet-errgxdroldfumhdkieiumjzyonvv/Build/Intermediates.noindex/PrecompiledHeaders -working-directory /Users/cfa532/Documents/GitHub/Tweet-iOS -experimental-emit-module-separately -disable-cmo

CopyStringsFile /Users/cfa532/Library/Developer/Xcode/DerivedData/Tweet-errgxdroldfumhdkieiumjzyonvv/Build/Products/Debug-iphonesimulator/Tweet.app/en.lproj/InfoPlist.strings /Users/cfa532/Documents/GitHub/Tweet-iOS/Tweet/en.lproj/InfoPlist.strings (in target 'Tweet' from project 'Tweet')
    cd /Users/cfa532/Documents/GitHub/Tweet-iOS
    builtin-copyStrings --validate --outputencoding binary --outfilename InfoPlist.strings --outdir /Users/cfa532/Library/Developer/Xcode/DerivedData/Tweet-errgxdroldfumhdkieiumjzyonvv/Build/Products/Debug-iphonesimulator/Tweet.app/en.lproj -- /Users/cfa532/Documents/GitHub/Tweet-iOS/Tweet/en.lproj/InfoPlist.strings
/Users/cfa532/Documents/GitHub/Tweet-iOS/Tweet/en.lproj/InfoPlist.strings:1:1: note: detected encoding of input file as Unicode (UTF-8) (in target 'Tweet' from project 'Tweet')

SwiftGeneratePch normal arm64 Compiling\ bridging\ header (in target 'Tweet' from project 'Tweet')

PrecompileSwiftBridgingHeader normal arm64 (in target 'Tweet' from project 'Tweet')
    cd /Users/cfa532/Documents/GitHub/Tweet-iOS
    

SwiftDriverJobDiscovery normal arm64 Compiling bridging header (in target 'Tweet' from project 'Tweet')

SwiftCompile normal arm64 Compiling\ MediaCellUIView.swift /Users/cfa532/Documents/GitHub/Tweet-iOS/Sources/Tweet/UIKit/MediaCellUIView.swift (in target 'Tweet' from project 'Tweet')

SwiftCompile normal arm64 /Users/cfa532/Documents/GitHub/Tweet-iOS/Sources/Tweet/UIKit/MediaCellUIView.swift (in target 'Tweet' from project 'Tweet')
    cd /Users/cfa532/Documents/GitHub/Tweet-iOS
    

SwiftEmitModule normal arm64 Emitting\ module\ for\ Tweet (in target 'Tweet' from project 'Tweet')
EmitSwiftModule normal arm64 (in target 'Tweet' from project 'Tweet')
    cd /Users/cfa532/Documents/GitHub/Tweet-iOS
    

SwiftCompile normal arm64 Compiling\ GlobalImageLoadManager.swift /Users/cfa532/Documents/GitHub/Tweet-iOS/Sources/Core/GlobalImageLoadManager.swift (in target 'Tweet' from project 'Tweet')

SwiftCompile normal arm64 /Users/cfa532/Documents/GitHub/Tweet-iOS/Sources/Core/GlobalImageLoadManager.swift (in target 'Tweet' from project 'Tweet')
    cd /Users/cfa532/Documents/GitHub/Tweet-iOS
    

SwiftDriverJobDiscovery normal arm64 Compiling GlobalImageLoadManager.swift (in target 'Tweet' from project 'Tweet')

SwiftCompile normal arm64 Compiling\ MediaBrowserView.swift /Users/cfa532/Documents/GitHub/Tweet-iOS/Sources/Features/MediaViews/MediaBrowserView.swift (in target 'Tweet' from project 'Tweet')
SwiftCompile normal arm64 /Users/cfa532/Documents/GitHub/Tweet-iOS/Sources/Features/MediaViews/MediaBrowserView.swift (in target 'Tweet' from project 'Tweet')
    cd /Users/cfa532/Documents/GitHub/Tweet-iOS
    

SwiftCompile normal arm64 Compiling\ Settings.swift /Users/cfa532/Documents/GitHub/Tweet-iOS/Sources/Screens/Settings.swift (in target 'Tweet' from project 'Tweet')

SwiftCompile normal arm64 /Users/cfa532/Documents/GitHub/Tweet-iOS/Sources/Screens/Settings.swift (in target 'Tweet' from project 'Tweet')
    cd /Users/cfa532/Documents/GitHub/Tweet-iOS
    

SwiftCompile normal arm64 Compiling\ TweetDetailView.swift /Users/cfa532/Documents/GitHub/Tweet-iOS/Sources/Tweet/TweetDetailView.swift (in target 'Tweet' from project 'Tweet')

SwiftCompile normal arm64 /Users/cfa532/Documents/GitHub/Tweet-iOS/Sources/Tweet/TweetDetailView.swift (in target 'Tweet' from project 'Tweet')
    cd /Users/cfa532/Documents/GitHub/Tweet-iOS
    

SwiftCompile normal arm64 Compiling\ MediaCell.swift /Users/cfa532/Documents/GitHub/Tweet-iOS/Sources/Features/MediaViews/MediaCell.swift (in target 'Tweet' from project 'Tweet')

SwiftCompile normal arm64 /Users/cfa532/Documents/GitHub/Tweet-iOS/Sources/Features/MediaViews/MediaCell.swift (in target 'Tweet' from project 'Tweet')
    cd /Users/cfa532/Documents/GitHub/Tweet-iOS
    

SwiftCompile normal arm64 Compiling\ ImageLoadManagerDebugView.swift /Users/cfa532/Documents/GitHub/Tweet-iOS/Sources/Utils/ImageLoadManagerDebugView.swift (in target 'Tweet' from project 'Tweet')

SwiftCompile normal arm64 /Users/cfa532/Documents/GitHub/Tweet-iOS/Sources/Utils/ImageLoadManagerDebugView.swift (in target 'Tweet' from project 'Tweet')
    cd /Users/cfa532/Documents/GitHub/Tweet-iOS
    

SwiftDriverJobDiscovery normal arm64 Compiling MediaCellUIView.swift (in target 'Tweet' from project 'Tweet')

SwiftDriverJobDiscovery normal arm64 Compiling ImageLoadManagerDebugView.swift (in target 'Tweet' from project 'Tweet')

SwiftDriverJobDiscovery normal arm64 Compiling Settings.swift (in target 'Tweet' from project 'Tweet')

SwiftDriverJobDiscovery normal arm64 Emitting module for Tweet (in target 'Tweet' from project 'Tweet')

SwiftDriver\ Compilation\ Requirements Tweet normal arm64 com.apple.xcode.tools.swift.compiler (in target 'Tweet' from project 'Tweet')
    cd /Users/cfa532/Documents/GitHub/Tweet-iOS
    builtin-Swift-Compilation-Requirements -- /Applications/Xcode.app/Contents/Developer/Toolchains/XcodeDefault.xctoolchain/usr/bin/swiftc -module-name Tweet -Onone -enforce-exclusivity\=checked @/Users/cfa532/Library/Developer/Xcode/DerivedData/Tweet-errgxdroldfumhdkieiumjzyonvv/Build/Intermediates.noindex/Tweet.build/Debug-iphonesimulator/Tweet.build/Objects-normal/arm64/Tweet.SwiftFileList -DDEBUG -D COCOAPODS -enable-bare-slash-regex -enable-experimental-feature DebugDescriptionMacro -sdk /Applications/Xcode.app/Contents/Developer/Platforms/iPhoneSimulator.platform/Developer/SDKs/iPhoneSimulator26.2.sdk -target arm64-apple-ios18.0-simulator -g -module-cache-path /Users/cfa532/Library/Developer/Xcode/DerivedData/ModuleCache.noindex -Xfrontend -serialize-debugging-options -enable-testing -index-store-path /Users/cfa532/Library/Developer/Xcode/DerivedData/Tweet-errgxdroldfumhdkieiumjzyonvv/Index.noindex/DataStore -Xcc -D_LIBCPP_HARDENING_MODE\=_LIBCPP_HARDENING_MODE_DEBUG -swift-version 5 -I /Users/cfa532/Library/Developer/Xcode/DerivedData/Tweet-errgxdroldfumhdkieiumjzyonvv/Build/Products/Debug-iphonesimulator -F /Users/cfa532/Library/Developer/Xcode/DerivedData/Tweet-errgxdroldfumhdkieiumjzyonvv/Build/Products/Debug-iphonesimulator -F /Users/cfa532/Library/Developer/Xcode/DerivedData/Tweet-errgxdroldfumhdkieiumjzyonvv/Build/Products/Debug-iphonesimulator/SDWebImage -F /Users/cfa532/Library/Developer/Xcode/DerivedData/Tweet-errgxdroldfumhdkieiumjzyonvv/Build/Products/Debug-iphonesimulator/SDWebImageSwiftUI -F /Users/cfa532/Library/Developer/Xcode/DerivedData/Tweet-errgxdroldfumhdkieiumjzyonvv/Build/Products/Debug-iphonesimulator/hprose -F /Users/cfa532/Documents/GitHub/Tweet-iOS/Pods/ffmpeg-kit-ios/Frameworks -F /Users/cfa532/Library/Developer/Xcode/DerivedData/Tweet-errgxdroldfumhdkieiumjzyonvv/Build/Products/Debug-iphonesimulator/XCFrameworkIntermediates/ffmpeg-kit-ios -emit-localized-strings -emit-localized-strings-path /Users/cfa532/Library/Developer/Xcode/DerivedData/Tweet-errgxdroldfumhdkieiumjzyonvv/Build/Intermediates.noindex/Tweet.build/Debug-iphonesimulator/Tweet.build/Objects-normal/arm64 -c -j10 -enable-batch-mode -incremental -Xcc -ivfsstatcache -Xcc /Users/cfa532/Library/Developer/Xcode/DerivedData/SDKStatCaches.noindex/iphonesimulator26.2-23C53-7d00a8b37fbd7999ea79df8ebc024bf0.sdkstatcache -output-file-map /Users/cfa532/Library/Developer/Xcode/DerivedData/Tweet-errgxdroldfumhdkieiumjzyonvv/Build/Intermediates.noindex/Tweet.build/Debug-iphonesimulator/Tweet.build/Objects-normal/arm64/Tweet-OutputFileMap.json -use-frontend-parseable-output -save-temps -no-color-diagnostics -serialize-diagnostics -emit-dependencies -emit-module -emit-module-path /Users/cfa532/Library/Developer/Xcode/DerivedData/Tweet-errgxdroldfumhdkieiumjzyonvv/Build/Intermediates.noindex/Tweet.build/Debug-iphonesimulator/Tweet.build/Objects-normal/arm64/Tweet.swiftmodule -validate-clang-modules-once -clang-build-session-file /Users/cfa532/Library/Developer/Xcode/DerivedData/ModuleCache.noindex/Session.modulevalidation -Xcc -I/Users/cfa532/Library/Developer/Xcode/DerivedData/Tweet-errgxdroldfumhdkieiumjzyonvv/Build/Intermediates.noindex/Tweet.build/Debug-iphonesimulator/Tweet.build/swift-overrides.hmap -emit-const-values -Xfrontend -const-gather-protocols-file -Xfrontend /Users/cfa532/Library/Developer/Xcode/DerivedData/Tweet-errgxdroldfumhdkieiumjzyonvv/Build/Intermediates.noindex/Tweet.build/Debug-iphonesimulator/Tweet.build/Objects-normal/arm64/Tweet_const_extract_protocols.json -Xcc -iquote -Xcc /Users/cfa532/Library/Developer/Xcode/DerivedData/Tweet-errgxdroldfumhdkieiumjzyonvv/Build/Intermediates.noindex/Tweet.build/Debug-iphonesimulator/Tweet.build/Tweet-generated-files.hmap -Xcc -I/Users/cfa532/Library/Developer/Xcode/DerivedData/Tweet-errgxdroldfumhdkieiumjzyonvv/Build/Intermediates.noindex/Tweet.build/Debug-iphonesimulator/Tweet.build/Tweet-own-target-headers.hmap -Xcc -I/Users/cfa532/Library/Developer/Xcode/DerivedData/Tweet-errgxdroldfumhdkieiumjzyonvv/Build/Intermediates.noindex/Tweet.build/Debug-iphonesimulator/Tweet.build/Tweet-all-non-framework-target-headers.hmap -Xcc -ivfsoverlay -Xcc /Users/cfa532/Library/Developer/Xcode/DerivedData/Tweet-errgxdroldfumhdkieiumjzyonvv/Build/Intermediates.noindex/Tweet.build/Debug-iphonesimulator/Tweet-14a12892e6aa11019e94b78a816142d9-VFS-iphonesimulator/all-product-headers.yaml -Xcc -iquote -Xcc /Users/cfa532/Library/Developer/Xcode/DerivedData/Tweet-errgxdroldfumhdkieiumjzyonvv/Build/Intermediates.noindex/Tweet.build/Debug-iphonesimulator/Tweet.build/Tweet-project-headers.hmap -Xcc -I/Users/cfa532/Library/Developer/Xcode/DerivedData/Tweet-errgxdroldfumhdkieiumjzyonvv/Build/Products/Debug-iphonesimulator/include -Xcc -I/Users/cfa532/Documents/GitHub/Tweet-iOS/Pods/hprose/src -Xcc -I/Users/cfa532/Library/Developer/Xcode/DerivedData/Tweet-errgxdroldfumhdkieiumjzyonvv/Build/Products/Debug-iphonesimulator/SDWebImage/SDWebImage.framework/Headers -Xcc -I/Users/cfa532/Library/Developer/Xcode/DerivedData/Tweet-errgxdroldfumhdkieiumjzyonvv/Build/Products/Debug-iphonesimulator/SDWebImageSwiftUI/SDWebImageSwiftUI.framework/Headers -Xcc -I/Users/cfa532/Library/Developer/Xcode/DerivedData/Tweet-errgxdroldfumhdkieiumjzyonvv/Build/Products/Debug-iphonesimulator/hprose/hprose.framework/Headers -Xcc -I/Users/cfa532/Library/Developer/Xcode/DerivedData/Tweet-errgxdroldfumhdkieiumjzyonvv/Build/Intermediates.noindex/Tweet.build/Debug-iphonesimulator/Tweet.build/DerivedSources-normal/arm64 -Xcc -I/Users/cfa532/Library/Developer/Xcode/DerivedData/Tweet-errgxdroldfumhdkieiumjzyonvv/Build/Intermediates.noindex/Tweet.build/Debug-iphonesimulator/Tweet.build/DerivedSources/arm64 -Xcc -I/Users/cfa532/Library/Developer/Xcode/DerivedData/Tweet-errgxdroldfumhdkieiumjzyonvv/Build/Intermediates.noindex/Tweet.build/Debug-iphonesimulator/Tweet.build/DerivedSources -Xcc -DDEBUG\=1 -Xcc -DCOCOAPODS\=1 -emit-objc-header -emit-objc-header-path /Users/cfa532/Library/Developer/Xcode/DerivedData/Tweet-errgxdroldfumhdkieiumjzyonvv/Build/Intermediates.noindex/Tweet.build/Debug-iphonesimulator/Tweet.build/Objects-normal/arm64/Tweet-Swift.h -import-objc-header /Users/cfa532/Documents/GitHub/Tweet-iOS/Sources/Bridging-Header.h -pch-output-dir /Users/cfa532/Library/Developer/Xcode/DerivedData/Tweet-errgxdroldfumhdkieiumjzyonvv/Build/Intermediates.noindex/PrecompiledHeaders -working-directory /Users/cfa532/Documents/GitHub/Tweet-iOS -experimental-emit-module-separately -disable-cmo

Copy /Users/cfa532/Library/Developer/Xcode/DerivedData/Tweet-errgxdroldfumhdkieiumjzyonvv/Build/Products/Debug-iphonesimulator/Tweet.swiftmodule/arm64-apple-ios-simulator.abi.json /Users/cfa532/Library/Developer/Xcode/DerivedData/Tweet-errgxdroldfumhdkieiumjzyonvv/Build/Intermediates.noindex/Tweet.build/Debug-iphonesimulator/Tweet.build/Objects-normal/arm64/Tweet.abi.json (in target 'Tweet' from project 'Tweet')
    cd /Users/cfa532/Documents/GitHub/Tweet-iOS
    builtin-copy -exclude .DS_Store -exclude CVS -exclude .svn -exclude .git -exclude .hg -resolve-src-symlinks -rename /Users/cfa532/Library/Developer/Xcode/DerivedData/Tweet-errgxdroldfumhdkieiumjzyonvv/Build/Intermediates.noindex/Tweet.build/Debug-iphonesimulator/Tweet.build/Objects-normal/arm64/Tweet.abi.json /Users/cfa532/Library/Developer/Xcode/DerivedData/Tweet-errgxdroldfumhdkieiumjzyonvv/Build/Products/Debug-iphonesimulator/Tweet.swiftmodule/arm64-apple-ios-simulator.abi.json

Copy /Users/cfa532/Library/Developer/Xcode/DerivedData/Tweet-errgxdroldfumhdkieiumjzyonvv/Build/Products/Debug-iphonesimulator/Tweet.swiftmodule/arm64-apple-ios-simulator.swiftmodule /Users/cfa532/Library/Developer/Xcode/DerivedData/Tweet-errgxdroldfumhdkieiumjzyonvv/Build/Intermediates.noindex/Tweet.build/Debug-iphonesimulator/Tweet.build/Objects-normal/arm64/Tweet.swiftmodule (in target 'Tweet' from project 'Tweet')
    cd /Users/cfa532/Documents/GitHub/Tweet-iOS
    builtin-copy -exclude .DS_Store -exclude CVS -exclude .svn -exclude .git -exclude .hg -resolve-src-symlinks -rename /Users/cfa532/Library/Developer/Xcode/DerivedData/Tweet-errgxdroldfumhdkieiumjzyonvv/Build/Intermediates.noindex/Tweet.build/Debug-iphonesimulator/Tweet.build/Objects-normal/arm64/Tweet.swiftmodule /Users/cfa532/Library/Developer/Xcode/DerivedData/Tweet-errgxdroldfumhdkieiumjzyonvv/Build/Products/Debug-iphonesimulator/Tweet.swiftmodule/arm64-apple-ios-simulator.swiftmodule

Copy /Users/cfa532/Library/Developer/Xcode/DerivedData/Tweet-errgxdroldfumhdkieiumjzyonvv/Build/Products/Debug-iphonesimulator/Tweet.swiftmodule/Project/arm64-apple-ios-simulator.swiftsourceinfo /Users/cfa532/Library/Developer/Xcode/DerivedData/Tweet-errgxdroldfumhdkieiumjzyonvv/Build/Intermediates.noindex/Tweet.build/Debug-iphonesimulator/Tweet.build/Objects-normal/arm64/Tweet.swiftsourceinfo (in target 'Tweet' from project 'Tweet')
    cd /Users/cfa532/Documents/GitHub/Tweet-iOS
    builtin-copy -exclude .DS_Store -exclude CVS -exclude .svn -exclude .git -exclude .hg -resolve-src-symlinks -rename /Users/cfa532/Library/Developer/Xcode/DerivedData/Tweet-errgxdroldfumhdkieiumjzyonvv/Build/Intermediates.noindex/Tweet.build/Debug-iphonesimulator/Tweet.build/Objects-normal/arm64/Tweet.swiftsourceinfo /Users/cfa532/Library/Developer/Xcode/DerivedData/Tweet-errgxdroldfumhdkieiumjzyonvv/Build/Products/Debug-iphonesimulator/Tweet.swiftmodule/Project/arm64-apple-ios-simulator.swiftsourceinfo

Copy /Users/cfa532/Library/Developer/Xcode/DerivedData/Tweet-errgxdroldfumhdkieiumjzyonvv/Build/Products/Debug-iphonesimulator/Tweet.swiftmodule/arm64-apple-ios-simulator.swiftdoc /Users/cfa532/Library/Developer/Xcode/DerivedData/Tweet-errgxdroldfumhdkieiumjzyonvv/Build/Intermediates.noindex/Tweet.build/Debug-iphonesimulator/Tweet.build/Objects-normal/arm64/Tweet.swiftdoc (in target 'Tweet' from project 'Tweet')
    cd /Users/cfa532/Documents/GitHub/Tweet-iOS
    builtin-copy -exclude .DS_Store -exclude CVS -exclude .svn -exclude .git -exclude .hg -resolve-src-symlinks -rename /Users/cfa532/Library/Developer/Xcode/DerivedData/Tweet-errgxdroldfumhdkieiumjzyonvv/Build/Intermediates.noindex/Tweet.build/Debug-iphonesimulator/Tweet.build/Objects-normal/arm64/Tweet.swiftdoc /Users/cfa532/Library/Developer/Xcode/DerivedData/Tweet-errgxdroldfumhdkieiumjzyonvv/Build/Products/Debug-iphonesimulator/Tweet.swiftmodule/arm64-apple-ios-simulator.swiftdoc

SwiftDriverJobDiscovery normal arm64 Compiling MediaCell.swift (in target 'Tweet' from project 'Tweet')

SwiftDriverJobDiscovery normal arm64 Compiling TweetDetailView.swift (in target 'Tweet' from project 'Tweet')

SwiftDriverJobDiscovery normal arm64 Compiling MediaBrowserView.swift (in target 'Tweet' from project 'Tweet')

SwiftDriver\ Compilation Tweet normal arm64 com.apple.xcode.tools.swift.compiler (in target 'Tweet' from project 'Tweet')
    cd /Users/cfa532/Documents/GitHub/Tweet-iOS
    builtin-Swift-Compilation -- /Applications/Xcode.app/Contents/Developer/Toolchains/XcodeDefault.xctoolchain/usr/bin/swiftc -module-name Tweet -Onone -enforce-exclusivity\=checked @/Users/cfa532/Library/Developer/Xcode/DerivedData/Tweet-errgxdroldfumhdkieiumjzyonvv/Build/Intermediates.noindex/Tweet.build/Debug-iphonesimulator/Tweet.build/Objects-normal/arm64/Tweet.SwiftFileList -DDEBUG -D COCOAPODS -enable-bare-slash-regex -enable-experimental-feature DebugDescriptionMacro -sdk /Applications/Xcode.app/Contents/Developer/Platforms/iPhoneSimulator.platform/Developer/SDKs/iPhoneSimulator26.2.sdk -target arm64-apple-ios18.0-simulator -g -module-cache-path /Users/cfa532/Library/Developer/Xcode/DerivedData/ModuleCache.noindex -Xfrontend -serialize-debugging-options -enable-testing -index-store-path /Users/cfa532/Library/Developer/Xcode/DerivedData/Tweet-errgxdroldfumhdkieiumjzyonvv/Index.noindex/DataStore -Xcc -D_LIBCPP_HARDENING_MODE\=_LIBCPP_HARDENING_MODE_DEBUG -swift-version 5 -I /Users/cfa532/Library/Developer/Xcode/DerivedData/Tweet-errgxdroldfumhdkieiumjzyonvv/Build/Products/Debug-iphonesimulator -F /Users/cfa532/Library/Developer/Xcode/DerivedData/Tweet-errgxdroldfumhdkieiumjzyonvv/Build/Products/Debug-iphonesimulator -F /Users/cfa532/Library/Developer/Xcode/DerivedData/Tweet-errgxdroldfumhdkieiumjzyonvv/Build/Products/Debug-iphonesimulator/SDWebImage -F /Users/cfa532/Library/Developer/Xcode/DerivedData/Tweet-errgxdroldfumhdkieiumjzyonvv/Build/Products/Debug-iphonesimulator/SDWebImageSwiftUI -F /Users/cfa532/Library/Developer/Xcode/DerivedData/Tweet-errgxdroldfumhdkieiumjzyonvv/Build/Products/Debug-iphonesimulator/hprose -F /Users/cfa532/Documents/GitHub/Tweet-iOS/Pods/ffmpeg-kit-ios/Frameworks -F /Users/cfa532/Library/Developer/Xcode/DerivedData/Tweet-errgxdroldfumhdkieiumjzyonvv/Build/Products/Debug-iphonesimulator/XCFrameworkIntermediates/ffmpeg-kit-ios -emit-localized-strings -emit-localized-strings-path /Users/cfa532/Library/Developer/Xcode/DerivedData/Tweet-errgxdroldfumhdkieiumjzyonvv/Build/Intermediates.noindex/Tweet.build/Debug-iphonesimulator/Tweet.build/Objects-normal/arm64 -c -j10 -enable-batch-mode -incremental -Xcc -ivfsstatcache -Xcc /Users/cfa532/Library/Developer/Xcode/DerivedData/SDKStatCaches.noindex/iphonesimulator26.2-23C53-7d00a8b37fbd7999ea79df8ebc024bf0.sdkstatcache -output-file-map /Users/cfa532/Library/Developer/Xcode/DerivedData/Tweet-errgxdroldfumhdkieiumjzyonvv/Build/Intermediates.noindex/Tweet.build/Debug-iphonesimulator/Tweet.build/Objects-normal/arm64/Tweet-OutputFileMap.json -use-frontend-parseable-output -save-temps -no-color-diagnostics -serialize-diagnostics -emit-dependencies -emit-module -emit-module-path /Users/cfa532/Library/Developer/Xcode/DerivedData/Tweet-errgxdroldfumhdkieiumjzyonvv/Build/Intermediates.noindex/Tweet.build/Debug-iphonesimulator/Tweet.build/Objects-normal/arm64/Tweet.swiftmodule -validate-clang-modules-once -clang-build-session-file /Users/cfa532/Library/Developer/Xcode/DerivedData/ModuleCache.noindex/Session.modulevalidation -Xcc -I/Users/cfa532/Library/Developer/Xcode/DerivedData/Tweet-errgxdroldfumhdkieiumjzyonvv/Build/Intermediates.noindex/Tweet.build/Debug-iphonesimulator/Tweet.build/swift-overrides.hmap -emit-const-values -Xfrontend -const-gather-protocols-file -Xfrontend /Users/cfa532/Library/Developer/Xcode/DerivedData/Tweet-errgxdroldfumhdkieiumjzyonvv/Build/Intermediates.noindex/Tweet.build/Debug-iphonesimulator/Tweet.build/Objects-normal/arm64/Tweet_const_extract_protocols.json -Xcc -iquote -Xcc /Users/cfa532/Library/Developer/Xcode/DerivedData/Tweet-errgxdroldfumhdkieiumjzyonvv/Build/Intermediates.noindex/Tweet.build/Debug-iphonesimulator/Tweet.build/Tweet-generated-files.hmap -Xcc -I/Users/cfa532/Library/Developer/Xcode/DerivedData/Tweet-errgxdroldfumhdkieiumjzyonvv/Build/Intermediates.noindex/Tweet.build/Debug-iphonesimulator/Tweet.build/Tweet-own-target-headers.hmap -Xcc -I/Users/cfa532/Library/Developer/Xcode/DerivedData/Tweet-errgxdroldfumhdkieiumjzyonvv/Build/Intermediates.noindex/Tweet.build/Debug-iphonesimulator/Tweet.build/Tweet-all-non-framework-target-headers.hmap -Xcc -ivfsoverlay -Xcc /Users/cfa532/Library/Developer/Xcode/DerivedData/Tweet-errgxdroldfumhdkieiumjzyonvv/Build/Intermediates.noindex/Tweet.build/Debug-iphonesimulator/Tweet-14a12892e6aa11019e94b78a816142d9-VFS-iphonesimulator/all-product-headers.yaml -Xcc -iquote -Xcc /Users/cfa532/Library/Developer/Xcode/DerivedData/Tweet-errgxdroldfumhdkieiumjzyonvv/Build/Intermediates.noindex/Tweet.build/Debug-iphonesimulator/Tweet.build/Tweet-project-headers.hmap -Xcc -I/Users/cfa532/Library/Developer/Xcode/DerivedData/Tweet-errgxdroldfumhdkieiumjzyonvv/Build/Products/Debug-iphonesimulator/include -Xcc -I/Users/cfa532/Documents/GitHub/Tweet-iOS/Pods/hprose/src -Xcc -I/Users/cfa532/Library/Developer/Xcode/DerivedData/Tweet-errgxdroldfumhdkieiumjzyonvv/Build/Products/Debug-iphonesimulator/SDWebImage/SDWebImage.framework/Headers -Xcc -I/Users/cfa532/Library/Developer/Xcode/DerivedData/Tweet-errgxdroldfumhdkieiumjzyonvv/Build/Products/Debug-iphonesimulator/SDWebImageSwiftUI/SDWebImageSwiftUI.framework/Headers -Xcc -I/Users/cfa532/Library/Developer/Xcode/DerivedData/Tweet-errgxdroldfumhdkieiumjzyonvv/Build/Products/Debug-iphonesimulator/hprose/hprose.framework/Headers -Xcc -I/Users/cfa532/Library/Developer/Xcode/DerivedData/Tweet-errgxdroldfumhdkieiumjzyonvv/Build/Intermediates.noindex/Tweet.build/Debug-iphonesimulator/Tweet.build/DerivedSources-normal/arm64 -Xcc -I/Users/cfa532/Library/Developer/Xcode/DerivedData/Tweet-errgxdroldfumhdkieiumjzyonvv/Build/Intermediates.noindex/Tweet.build/Debug-iphonesimulator/Tweet.build/DerivedSources/arm64 -Xcc -I/Users/cfa532/Library/Developer/Xcode/DerivedData/Tweet-errgxdroldfumhdkieiumjzyonvv/Build/Intermediates.noindex/Tweet.build/Debug-iphonesimulator/Tweet.build/DerivedSources -Xcc -DDEBUG\=1 -Xcc -DCOCOAPODS\=1 -emit-objc-header -emit-objc-header-path /Users/cfa532/Library/Developer/Xcode/DerivedData/Tweet-errgxdroldfumhdkieiumjzyonvv/Build/Intermediates.noindex/Tweet.build/Debug-iphonesimulator/Tweet.build/Objects-normal/arm64/Tweet-Swift.h -import-objc-header /Users/cfa532/Documents/GitHub/Tweet-iOS/Sources/Bridging-Header.h -pch-output-dir /Users/cfa532/Library/Developer/Xcode/DerivedData/Tweet-errgxdroldfumhdkieiumjzyonvv/Build/Intermediates.noindex/PrecompiledHeaders -working-directory /Users/cfa532/Documents/GitHub/Tweet-iOS -experimental-emit-module-separately -disable-cmo

Ld /Users/cfa532/Library/Developer/Xcode/DerivedData/Tweet-errgxdroldfumhdkieiumjzyonvv/Build/Products/Debug-iphonesimulator/Tweet.app/Tweet.debug.dylib normal (in target 'Tweet' from project 'Tweet')
    cd /Users/cfa532/Documents/GitHub/Tweet-iOS
    /Applications/Xcode.app/Contents/Developer/Toolchains/XcodeDefault.xctoolchain/usr/bin/clang -Xlinker -reproducible -target arm64-apple-ios18.0-simulator -dynamiclib -isysroot /Applications/Xcode.app/Contents/Developer/Platforms/iPhoneSimulator.platform/Developer/SDKs/iPhoneSimulator26.2.sdk -O0 -L/Users/cfa532/Library/Developer/Xcode/DerivedData/Tweet-errgxdroldfumhdkieiumjzyonvv/Build/Intermediates.noindex/EagerLinkingTBDs/Debug-iphonesimulator -L/Users/cfa532/Library/Developer/Xcode/DerivedData/Tweet-errgxdroldfumhdkieiumjzyonvv/Build/Products/Debug-iphonesimulator -L/Applications/Xcode.app/Contents/Developer/Toolchains/XcodeDefault.xctoolchain/usr/lib/swift/iphonesimulator -L/Applications/Xcode.app/Contents/Developer/Platforms/iPhoneSimulator.platform/Developer/SDKs/iPhoneSimulator26.2.sdk/usr/lib/swift -F/Users/cfa532/Library/Developer/Xcode/DerivedData/Tweet-errgxdroldfumhdkieiumjzyonvv/Build/Intermediates.noindex/EagerLinkingTBDs/Debug-iphonesimulator -F/Users/cfa532/Library/Developer/Xcode/DerivedData/Tweet-errgxdroldfumhdkieiumjzyonvv/Build/Products/Debug-iphonesimulator -F/Users/cfa532/Library/Developer/Xcode/DerivedData/Tweet-errgxdroldfumhdkieiumjzyonvv/Build/Products/Debug-iphonesimulator/SDWebImage -F/Users/cfa532/Library/Developer/Xcode/DerivedData/Tweet-errgxdroldfumhdkieiumjzyonvv/Build/Products/Debug-iphonesimulator/SDWebImageSwiftUI -F/Users/cfa532/Library/Developer/Xcode/DerivedData/Tweet-errgxdroldfumhdkieiumjzyonvv/Build/Products/Debug-iphonesimulator/hprose -F/Users/cfa532/Documents/GitHub/Tweet-iOS/Pods/ffmpeg-kit-ios/Frameworks -F/Users/cfa532/Library/Developer/Xcode/DerivedData/Tweet-errgxdroldfumhdkieiumjzyonvv/Build/Products/Debug-iphonesimulator/XCFrameworkIntermediates/ffmpeg-kit-ios -filelist /Users/cfa532/Library/Developer/Xcode/DerivedData/Tweet-errgxdroldfumhdkieiumjzyonvv/Build/Intermediates.noindex/Tweet.build/Debug-iphonesimulator/Tweet.build/Objects-normal/arm64/Tweet.LinkFileList -install_name @rpath/Tweet.debug.dylib -Xlinker -rpath -Xlinker /usr/lib/swift -Xlinker -rpath -Xlinker @executable_path/Frameworks -Xlinker -rpath -Xlinker @loader_path/Frameworks -dead_strip -Xlinker -object_path_lto -Xlinker /Users/cfa532/Library/Developer/Xcode/DerivedData/Tweet-errgxdroldfumhdkieiumjzyonvv/Build/Intermediates.noindex/Tweet.build/Debug-iphonesimulator/Tweet.build/Objects-normal/arm64/Tweet_lto.o -rdynamic -Xlinker -no_deduplicate -Xlinker -objc_abi_version -Xlinker 2 -Xlinker -dependency_info -Xlinker /Users/cfa532/Library/Developer/Xcode/DerivedData/Tweet-errgxdroldfumhdkieiumjzyonvv/Build/Intermediates.noindex/Tweet.build/Debug-iphonesimulator/Tweet.build/Objects-normal/arm64/Tweet_dependency_info.dat -fobjc-link-runtime -L/Applications/Xcode.app/Contents/Developer/Toolchains/XcodeDefault.xctoolchain/usr/lib/swift/iphonesimulator -L/usr/lib/swift -Xlinker -add_ast_path -Xlinker /Users/cfa532/Library/Developer/Xcode/DerivedData/Tweet-errgxdroldfumhdkieiumjzyonvv/Build/Intermediates.noindex/Tweet.build/Debug-iphonesimulator/Tweet.build/Objects-normal/arm64/Tweet.swiftmodule -ObjC -framework CFNetwork -framework ImageIO -framework SDWebImage -framework SDWebImageSwiftUI -framework Security -framework ffmpegkit -framework hprose -framework libavcodec -framework libavdevice -framework libavfilter -framework libavformat -framework libavutil -framework libswresample -framework libswscale -weak_framework Combine -weak_framework SwiftUI -framework CFNetwork -framework Security -framework VideoToolbox -framework hprose -lz -lm -lpthread -lbz2 -liconv -Wl,-w -Xlinker -alias -Xlinker _main -Xlinker ___debug_main_executable_dylib_entry_point -framework Pods_Tweet -Xlinker -no_adhoc_codesign -o /Users/cfa532/Library/Developer/Xcode/DerivedData/Tweet-errgxdroldfumhdkieiumjzyonvv/Build/Products/Debug-iphonesimulator/Tweet.app/Tweet.debug.dylib

ConstructStubExecutorLinkFileList /Users/cfa532/Library/Developer/Xcode/DerivedData/Tweet-errgxdroldfumhdkieiumjzyonvv/Build/Intermediates.noindex/Tweet.build/Debug-iphonesimulator/Tweet.build/Tweet-ExecutorLinkFileList-normal-arm64.txt (in target 'Tweet' from project 'Tweet')
    cd /Users/cfa532/Documents/GitHub/Tweet-iOS
    construct-stub-executor-link-file-list /Users/cfa532/Library/Developer/Xcode/DerivedData/Tweet-errgxdroldfumhdkieiumjzyonvv/Build/Products/Debug-iphonesimulator/Tweet.app/Tweet.debug.dylib /Applications/Xcode.app/Contents/Developer/Platforms/iPhoneSimulator.platform/Developer/usr/lib/libPreviewsJITStubExecutor_no_swift_entry_point.a /Applications/Xcode.app/Contents/Developer/Platforms/iPhoneSimulator.platform/Developer/usr/lib/libPreviewsJITStubExecutor.a --output /Users/cfa532/Library/Developer/Xcode/DerivedData/Tweet-errgxdroldfumhdkieiumjzyonvv/Build/Intermediates.noindex/Tweet.build/Debug-iphonesimulator/Tweet.build/Tweet-ExecutorLinkFileList-normal-arm64.txt
note: Using stub executor library with Swift entry point. (in target 'Tweet' from project 'Tweet')

Ld /Users/cfa532/Library/Developer/Xcode/DerivedData/Tweet-errgxdroldfumhdkieiumjzyonvv/Build/Products/Debug-iphonesimulator/Tweet.app/Tweet normal (in target 'Tweet' from project 'Tweet')
    cd /Users/cfa532/Documents/GitHub/Tweet-iOS
    /Applications/Xcode.app/Contents/Developer/Toolchains/XcodeDefault.xctoolchain/usr/bin/clang -Xlinker -reproducible -target arm64-apple-ios18.0-simulator -isysroot /Applications/Xcode.app/Contents/Developer/Platforms/iPhoneSimulator.platform/Developer/SDKs/iPhoneSimulator26.2.sdk -O0 -L/Users/cfa532/Library/Developer/Xcode/DerivedData/Tweet-errgxdroldfumhdkieiumjzyonvv/Build/Products/Debug-iphonesimulator -L/Applications/Xcode.app/Contents/Developer/Toolchains/XcodeDefault.xctoolchain/usr/lib/swift/iphonesimulator -L/Applications/Xcode.app/Contents/Developer/Platforms/iPhoneSimulator.platform/Developer/SDKs/iPhoneSimulator26.2.sdk/usr/lib/swift -F/Users/cfa532/Library/Developer/Xcode/DerivedData/Tweet-errgxdroldfumhdkieiumjzyonvv/Build/Products/Debug-iphonesimulator -F/Users/cfa532/Library/Developer/Xcode/DerivedData/Tweet-errgxdroldfumhdkieiumjzyonvv/Build/Products/Debug-iphonesimulator/SDWebImage -F/Users/cfa532/Library/Developer/Xcode/DerivedData/Tweet-errgxdroldfumhdkieiumjzyonvv/Build/Products/Debug-iphonesimulator/SDWebImageSwiftUI -F/Users/cfa532/Library/Developer/Xcode/DerivedData/Tweet-errgxdroldfumhdkieiumjzyonvv/Build/Products/Debug-iphonesimulator/hprose -F/Users/cfa532/Documents/GitHub/Tweet-iOS/Pods/ffmpeg-kit-ios/Frameworks -F/Users/cfa532/Library/Developer/Xcode/DerivedData/Tweet-errgxdroldfumhdkieiumjzyonvv/Build/Products/Debug-iphonesimulator/XCFrameworkIntermediates/ffmpeg-kit-ios -Xlinker -rpath -Xlinker @executable_path -Xlinker -rpath -Xlinker /usr/lib/swift -Xlinker -rpath -Xlinker @executable_path/Frameworks -Xlinker -rpath -Xlinker @loader_path/Frameworks -rdynamic -Xlinker -no_deduplicate -Xlinker -objc_abi_version -Xlinker 2 -e ___debug_blank_executor_main -Xlinker -sectcreate -Xlinker __TEXT -Xlinker __debug_dylib -Xlinker /Users/cfa532/Library/Developer/Xcode/DerivedData/Tweet-errgxdroldfumhdkieiumjzyonvv/Build/Intermediates.noindex/Tweet.build/Debug-iphonesimulator/Tweet.build/Tweet-DebugDylibPath-normal-arm64.txt -Xlinker -sectcreate -Xlinker __TEXT -Xlinker __debug_instlnm -Xlinker /Users/cfa532/Library/Developer/Xcode/DerivedData/Tweet-errgxdroldfumhdkieiumjzyonvv/Build/Intermediates.noindex/Tweet.build/Debug-iphonesimulator/Tweet.build/Tweet-DebugDylibInstallName-normal-arm64.txt -Xlinker -filelist -Xlinker /Users/cfa532/Library/Developer/Xcode/DerivedData/Tweet-errgxdroldfumhdkieiumjzyonvv/Build/Intermediates.noindex/Tweet.build/Debug-iphonesimulator/Tweet.build/Tweet-ExecutorLinkFileList-normal-arm64.txt -Xlinker -sectcreate -Xlinker __TEXT -Xlinker __entitlements -Xlinker /Users/cfa532/Library/Developer/Xcode/DerivedData/Tweet-errgxdroldfumhdkieiumjzyonvv/Build/Intermediates.noindex/Tweet.build/Debug-iphonesimulator/Tweet.build/Tweet.app-Simulated.xcent -Xlinker -sectcreate -Xlinker __TEXT -Xlinker __ents_der -Xlinker /Users/cfa532/Library/Developer/Xcode/DerivedData/Tweet-errgxdroldfumhdkieiumjzyonvv/Build/Intermediates.noindex/Tweet.build/Debug-iphonesimulator/Tweet.build/Tweet.app-Simulated.xcent.der /Users/cfa532/Library/Developer/Xcode/DerivedData/Tweet-errgxdroldfumhdkieiumjzyonvv/Build/Products/Debug-iphonesimulator/Tweet.app/Tweet.debug.dylib -Xlinker -no_adhoc_codesign -o /Users/cfa532/Library/Developer/Xcode/DerivedData/Tweet-errgxdroldfumhdkieiumjzyonvv/Build/Products/Debug-iphonesimulator/Tweet.app/Tweet

PhaseScriptExecution Use\ debug\ InfoPlist.strings /Users/cfa532/Library/Developer/Xcode/DerivedData/Tweet-errgxdroldfumhdkieiumjzyonvv/Build/Intermediates.noindex/Tweet.build/Debug-iphonesimulator/Tweet.build/Script-FEDCBA9876543210FEDCBA98.sh (in target 'Tweet' from project 'Tweet')
    cd /Users/cfa532/Documents/GitHub/Tweet-iOS
    /bin/sh -c /Users/cfa532/Library/Developer/Xcode/DerivedData/Tweet-errgxdroldfumhdkieiumjzyonvv/Build/Intermediates.noindex/Tweet.build/Debug-iphonesimulator/Tweet.build/Script-FEDCBA9876543210FEDCBA98.sh

CopySwiftLibs /Users/cfa532/Library/Developer/Xcode/DerivedData/Tweet-errgxdroldfumhdkieiumjzyonvv/Build/Products/Debug-iphonesimulator/Tweet.app (in target 'Tweet' from project 'Tweet')
    cd /Users/cfa532/Documents/GitHub/Tweet-iOS
    builtin-swiftStdLibTool --copy --verbose --sign - --scan-executable /Users/cfa532/Library/Developer/Xcode/DerivedData/Tweet-errgxdroldfumhdkieiumjzyonvv/Build/Products/Debug-iphonesimulator/Tweet.app/Tweet.debug.dylib --scan-folder /Users/cfa532/Library/Developer/Xcode/DerivedData/Tweet-errgxdroldfumhdkieiumjzyonvv/Build/Products/Debug-iphonesimulator/Tweet.app/Frameworks --scan-folder /Users/cfa532/Library/Developer/Xcode/DerivedData/Tweet-errgxdroldfumhdkieiumjzyonvv/Build/Products/Debug-iphonesimulator/Tweet.app/PlugIns --scan-folder /Users/cfa532/Library/Developer/Xcode/DerivedData/Tweet-errgxdroldfumhdkieiumjzyonvv/Build/Products/Debug-iphonesimulator/Tweet.app/SystemExtensions --scan-folder /Users/cfa532/Library/Developer/Xcode/DerivedData/Tweet-errgxdroldfumhdkieiumjzyonvv/Build/Products/Debug-iphonesimulator/Tweet.app/Extensions --scan-folder /Users/cfa532/Library/Developer/Xcode/DerivedData/Tweet-errgxdroldfumhdkieiumjzyonvv/Build/Products/Debug-iphonesimulator/Pods_Tweet.framework --platform iphonesimulator --toolchain /Applications/Xcode.app/Contents/Developer/Toolchains/XcodeDefault.xctoolchain --destination /Users/cfa532/Library/Developer/Xcode/DerivedData/Tweet-errgxdroldfumhdkieiumjzyonvv/Build/Products/Debug-iphonesimulator/Tweet.app/Frameworks --strip-bitcode --strip-bitcode-tool /Applications/Xcode.app/Contents/Developer/Toolchains/XcodeDefault.xctoolchain/usr/bin/bitcode_strip --emit-dependency-info /Users/cfa532/Library/Developer/Xcode/DerivedData/Tweet-errgxdroldfumhdkieiumjzyonvv/Build/Intermediates.noindex/Tweet.build/Debug-iphonesimulator/Tweet.build/SwiftStdLibToolInputDependencies.dep --filter-for-swift-os

ExtractAppIntentsMetadata (in target 'Tweet' from project 'Tweet')
    cd /Users/cfa532/Documents/GitHub/Tweet-iOS
    /Applications/Xcode.app/Contents/Developer/Toolchains/XcodeDefault.xctoolchain/usr/bin/appintentsmetadataprocessor --toolchain-dir /Applications/Xcode.app/Contents/Developer/Toolchains/XcodeDefault.xctoolchain --module-name Tweet --sdk-root /Applications/Xcode.app/Contents/Developer/Platforms/iPhoneSimulator.platform/Developer/SDKs/iPhoneSimulator26.2.sdk --xcode-version 17C52 --platform-family iOS --deployment-target 18.0 --bundle-identifier com.example.Tweet.debug --output /Users/cfa532/Library/Developer/Xcode/DerivedData/Tweet-errgxdroldfumhdkieiumjzyonvv/Build/Products/Debug-iphonesimulator/Tweet.app --target-triple arm64-apple-ios18.0-simulator --binary-file /Users/cfa532/Library/Developer/Xcode/DerivedData/Tweet-errgxdroldfumhdkieiumjzyonvv/Build/Products/Debug-iphonesimulator/Tweet.app/Tweet --dependency-file /Users/cfa532/Library/Developer/Xcode/DerivedData/Tweet-errgxdroldfumhdkieiumjzyonvv/Build/Intermediates.noindex/Tweet.build/Debug-iphonesimulator/Tweet.build/Objects-normal/arm64/Tweet_dependency_info.dat --stringsdata-file /Users/cfa532/Library/Developer/Xcode/DerivedData/Tweet-errgxdroldfumhdkieiumjzyonvv/Build/Intermediates.noindex/Tweet.build/Debug-iphonesimulator/Tweet.build/Objects-normal/arm64/ExtractedAppShortcutsMetadata.stringsdata --source-file-list /Users/cfa532/Library/Developer/Xcode/DerivedData/Tweet-errgxdroldfumhdkieiumjzyonvv/Build/Intermediates.noindex/Tweet.build/Debug-iphonesimulator/Tweet.build/Objects-normal/arm64/Tweet.SwiftFileList --metadata-file-list /Users/cfa532/Library/Developer/Xcode/DerivedData/Tweet-errgxdroldfumhdkieiumjzyonvv/Build/Intermediates.noindex/Tweet.build/Debug-iphonesimulator/Tweet.build/Tweet.DependencyMetadataFileList --static-metadata-file-list /Users/cfa532/Library/Developer/Xcode/DerivedData/Tweet-errgxdroldfumhdkieiumjzyonvv/Build/Intermediates.noindex/Tweet.build/Debug-iphonesimulator/Tweet.build/Tweet.DependencyStaticMetadataFileList --swift-const-vals-list /Users/cfa532/Library/Developer/Xcode/DerivedData/Tweet-errgxdroldfumhdkieiumjzyonvv/Build/Intermediates.noindex/Tweet.build/Debug-iphonesimulator/Tweet.build/Objects-normal/arm64/Tweet.SwiftConstValuesFileList --compile-time-extraction --deployment-aware-processing --validate-assistant-intents --no-app-shortcuts-localization
2026-02-13 14:18:25.300 appintentsmetadataprocessor[66654:37259502] Starting appintentsmetadataprocessor export
2026-02-13 14:18:25.301 appintentsmetadataprocessor[66654:37259502] warning: Metadata extraction skipped. No AppIntents.framework dependency found.

CodeSign /Users/cfa532/Library/Developer/Xcode/DerivedData/Tweet-errgxdroldfumhdkieiumjzyonvv/Build/Products/Debug-iphonesimulator/Tweet.app/Tweet.debug.dylib (in target 'Tweet' from project 'Tweet')
    cd /Users/cfa532/Documents/GitHub/Tweet-iOS
    
    Signing Identity:     "Sign to Run Locally"
    
    /usr/bin/codesign --force --sign - --timestamp\=none --generate-entitlement-der /Users/cfa532/Library/Developer/Xcode/DerivedData/Tweet-errgxdroldfumhdkieiumjzyonvv/Build/Products/Debug-iphonesimulator/Tweet.app/Tweet.debug.dylib

CodeSign /Users/cfa532/Library/Developer/Xcode/DerivedData/Tweet-errgxdroldfumhdkieiumjzyonvv/Build/Products/Debug-iphonesimulator/Tweet.app/__preview.dylib (in target 'Tweet' from project 'Tweet')
    cd /Users/cfa532/Documents/GitHub/Tweet-iOS
    
    Signing Identity:     "Sign to Run Locally"
    
    /usr/bin/codesign --force --sign - --timestamp\=none --generate-entitlement-der /Users/cfa532/Library/Developer/Xcode/DerivedData/Tweet-errgxdroldfumhdkieiumjzyonvv/Build/Products/Debug-iphonesimulator/Tweet.app/__preview.dylib
/Users/cfa532/Library/Developer/Xcode/DerivedData/Tweet-errgxdroldfumhdkieiumjzyonvv/Build/Products/Debug-iphonesimulator/Tweet.app/__preview.dylib: replacing existing signature

CodeSign /Users/cfa532/Library/Developer/Xcode/DerivedData/Tweet-errgxdroldfumhdkieiumjzyonvv/Build/Products/Debug-iphonesimulator/Tweet.app (in target 'Tweet' from project 'Tweet')
    cd /Users/cfa532/Documents/GitHub/Tweet-iOS
    
    Signing Identity:     "Sign to Run Locally"
    
    /usr/bin/codesign --force --sign - --timestamp\=none --generate-entitlement-der /Users/cfa532/Library/Developer/Xcode/DerivedData/Tweet-errgxdroldfumhdkieiumjzyonvv/Build/Products/Debug-iphonesimulator/Tweet.app

Validate /Users/cfa532/Library/Developer/Xcode/DerivedData/Tweet-errgxdroldfumhdkieiumjzyonvv/Build/Products/Debug-iphonesimulator/Tweet.app (in target 'Tweet' from project 'Tweet')
    cd /Users/cfa532/Documents/GitHub/Tweet-iOS
    builtin-validationUtility /Users/cfa532/Library/Developer/Xcode/DerivedData/Tweet-errgxdroldfumhdkieiumjzyonvv/Build/Products/Debug-iphonesimulator/Tweet.app -shallow-bundle -infoplist-subpath Info.plist

** BUILD SUCCEEDED **

